 New Series ID   79a1204c-bc92e7bc-3d3f10b1-ae434963-e4b3bd87
 Patient ID      6bb89f39-6855a171-2ea5d5c9-a3f0320e-f060c2e6
