 New Study ID   eef74844-79d1b31a-2fcbbbde-0a8d95c6-da660bea
 Patient ID     e2bf6bfe-ee8388ff-4a5a9aec-a6f6e84c-46ebf41b
