 New patient ID   eba2592e-ee006a8e-d6bae96f-a0bedc7f-7754c2fb
