orthanc-instance
Instance-level commands

USAGE:
    orthanc instance <SUBCOMMAND>

FLAGS:
    -h, --help       Prints help information
    -V, --version    Prints version information

SUBCOMMANDS:
    list         List all instances
    show         Show instance details
    tags         Show instance tags
    anonymize    Anonymize instance
    modify       Modify instance
    delete       Delete instance
    download     Download instance
    help         Prints this message or the help of the given subcommand(s)
