orthanc x.y.z
Andrii Yurchuk <ay@mntw.re>
Command-line interface for Orthanc, an open-source, lightweight DICOM server

USAGE:
    orthanc [OPTIONS] <SUBCOMMAND>

FLAGS:
    -h, --help       Prints help information
    -V, --version    Prints version information

OPTIONS:
    -s, --server <SERVER>        Orthanc server address
    -u, --username <USERNAME>    Orthanc username
    -p, --password <PASSWORD>    Orthanc password

SUBCOMMANDS:
    patient     Patient-level commands
    study       Study-level commands
    series      Series-level commands
    instance    Instance-level commands
    modality    Modality-level commands
    help        Prints this message or the help of the given subcommand(s)
