orthanc-study
Study-level commands

USAGE:
    orthanc study <SUBCOMMAND>

FLAGS:
    -h, --help       Prints help information
    -V, --version    Prints version information

SUBCOMMANDS:
    list         List all studies
    show         Show study details
    anonymize    Anonymize study
    modify       Modify study
    delete       Delete study
    download     Download study
    help         Prints this message or the help of the given subcommand(s)
