 ID                                             InstanceCreationDate
---------------------------------------------------------------------
 c0680933-cc6b1e9d-f1bbb796-f155e4dc-3f321656   20130326
 4327f23f-661e7f9e-205f6ee0-60137a47-39bc313e   20130326
 0fdd0f1d-65193336-652071b1-ef69bd02-90b62c3f   20130326
 c791bfaf-6c711120-67734e7c-9fb3e2b3-c33659c9   20130326
 edd7549d-92b00e91-78792e57-5e7322b1-3152956e   20130326
 b611ca1b-5f1ae504-a672cc08-33e5ecf5-8f5b0158   20130326
 0b62ebce-8ab7b938-e5ca1b05-04802ab3-42ee4307   20130326
 3677e0e6-c414bdb7-8484cfc5-e1db748f-a0132fab   20130326
 ac584c97-7dd81759-8f7fcabc-ada8ce10-3d34bd0d   20130326
 a35d49de-b62e6943-280a4907-f4480f02-35a8459c   20130326
 c23aa1bd-5f725219-2fc6dc61-a1fc5445-a8a6e974   20130326
 c811a015-f07e7b44-2fd9e3fe-f44a55a6-be4e087a   20130326
 93166d4d-985a1352-c491bcd8-0b8a672b-7a128d6e   20130326
