 0008,0005   SpecificCharacterSet                  ISO_IR 100
 0008,0008   ImageType                             ORIGINAL\PRIMARY\M_SE\M\SE
 0008,0012   InstanceCreationDate                  20130326
 0008,0013   InstanceCreationTime                  135455
 0008,0014   InstanceCreatorUID                    1.3.46.670589.11.1.5
 0008,0016   SOPClassUID                           1.2.840.10008.5.1.4.1.1.4
 0008,0018   SOPInstanceUID                        1.3.46.670589.11.1.5.0.3724.2011072815265975004
 0008,0020   StudyDate                             20110101
 0008,0021   SeriesDate                            20110101
 0008,0022   AcquisitionDate                       20110728
 0008,0023   ContentDate                           20110728
 0008,0030   StudyTime                             140606
 0008,0031   SeriesTime                            144814.78
 0008,0032   AcquisitionTime                       144814.78
 0008,0033   ContentTime                           144814.78
 0008,0050   AccessionNumber                       REMOVED
 0008,0060   Modality                              MR
 0008,0070   Manufacturer                          Philips Medical Systems
 0008,0080   InstitutionName                       REMOVED
 0008,0081   InstitutionAddress                    REMOVED
 0008,0090   ReferringPhysicianName                REMOVED
 0008,0100   CodeValue
 0008,0102   CodingSchemeDesignator                DCM
 0008,0104   CodeMeaning
 0008,1010   StationName                           REMOVED
 0008,1030   StudyDescription                      Study 1
 0008,103e   SeriesDescription                     Series 1
 0008,1040   InstitutionalDepartmentName           REMOVED
 0008,1050   PerformingPhysicianName               REMOVED
 0008,1070   OperatorsName
 0008,1080   AdmittingDiagnosesDescription
 0008,1090   ManufacturerModelName                 Ingenia
 0010,0010   PatientName                           Patient 2
 0010,0020   PatientID                             patient_2
 0010,0030   PatientBirthDate                      19790101
 0010,0040   PatientSex                            M
 0010,1000   OtherPatientIDs
 0010,1010   PatientAge                            032Y
 0010,1030   PatientWeight                         80
 0010,2000   MedicalAlerts
 0010,2110   Allergies
 0010,21b0   AdditionalPatientHistory              REMOVED
 0010,21c0   PregnancyStatus                       4
 0010,4000   PatientComments                       REMOVED
 0018,0015   BodyPartExamined                      KNEE
 0018,0020   ScanningSequence                      SE
 0018,0021   SequenceVariant                       SK
 0018,0022   ScanOptions                           FS
 0018,0023   MRAcquisitionType                     2D
 0018,0024   SequenceName
 0018,0050   SliceThickness                        4
 0018,0080   RepetitionTime                        2693.5751953125
 0018,0081   EchoTime                              25
 0018,0083   NumberOfAverages                      2
 0018,0084   ImagingFrequency                      63.865939
 0018,0085   ImagedNucleus                         1H
 0018,0086   EchoNumbers                           1
 0018,0087   MagneticFieldStrength                 1.5
 0018,0088   SpacingBetweenSlices                  4.4
 0018,0089   NumberOfPhaseEncodingSteps            216
 0018,0091   EchoTrainLength                       12
 0018,0093   PercentSampling                       71.4788742065429
 0018,0094   PercentPhaseFieldOfView               88.75
 0018,0095   PixelBandwidth                        269
 0018,1000   DeviceSerialNumber                    89
 0018,1020   SoftwareVersions                      4.1.1
 0018,1030   ProtocolName                          PD SPAIR AX SENSE
 0018,1081   LowRRValue                            0
 0018,1082   HighRRValue                           0
 0018,1083   IntervalsAcquired                     0
 0018,1084   IntervalsRejected                     0
 0018,1088   HeartRate                             0
 0018,1100   ReconstructionDiameter                159.999994754789
 0018,1250   ReceiveCoilName                       SENSE-Knee-16
 0018,1251   TransmitCoilName                      B
 0018,1310   AcquisitionMatrix                     0\320\216\0
 0018,1312   InPlanePhaseEncodingDirection         ROW
 0018,1314   FlipAngle                             90
 0018,1316   SAR                                   0.27985221147537
 0018,1318   dBdt                                  46.7440326224155
 0018,5100   PatientPosition                       FFS
 0018,9073   AcquisitionDuration                   177.77595520019531
 0018,9087   DiffusionBValue                       0
 0018,9089   DiffusionGradientOrientation          0\0\0
 0020,000d   StudyInstanceUID                      1.3.46.670589.11.1.5.0.6560.2011072814060507000
 0020,000e   SeriesInstanceUID                     1.3.46.670589.11.1.5.0.3724.2011072815265926000
 0020,0010   StudyID                               365004365
 0020,0011   SeriesNumber                          1202
 0020,0012   AcquisitionNumber                     12
 0020,0013   InstanceNumber                        1
 0020,0032   ImagePositionPatient                  16.9872838497861\-134.72083630206\-40.707237612159
 0020,0037   ImageOrientationPatient               0.99190342564671\-0.1056896525858\0.07040803595182\0.10254946242741\0.99362526810143\0.04682343800068
 0020,0052   FrameOfReferenceUID                   1.3.46.670589.11.1.5.0.7012.2011072814040950001
 0020,0060   Laterality                            L
 0020,0100   TemporalPositionIdentifier            1
 0020,0105   NumberOfTemporalPositions             1
 0020,1040   PositionReferenceIndicator
 0020,1041   SliceLocation                         0
 0020,4000   ImageComments                         REMOVED
 0028,0002   SamplesPerPixel                       1
 0028,0004   PhotometricInterpretation             MONOCHROME2
 0028,0010   Rows                                  432
 0028,0011   Columns                               432
 0028,0030   PixelSpacing                          0.37037035822868\0.37037035822868
 0028,0100   BitsAllocated                         16
 0028,0101   BitsStored                            12
 0028,0102   HighBit                               11
 0028,0103   PixelRepresentation                   0
 0028,1050   WindowCenter                          1070
 0028,1051   WindowWidth                           1860
 0028,1052   RescaleIntercept                      0
 0028,1053   RescaleSlope                          10.3455433455433
 0028,1054   RescaleType                           normalized
 0028,2110   LossyImageCompression                 00
 0032,1032   RequestingPhysician                   REMOVED
 0032,1033   RequestingService                     REMOVED
 0032,4000   RETIRED_StudyComments                 REMOVED
 0040,0006   ScheduledPerformingPhysicianName      REMOVED
 0040,0241   PerformedStationAETitle               MRBSTCUST14
 0040,0244   PerformedProcedureStepStartDate       20110101
 0040,0245   PerformedProcedureStepStartTime       140606
 0040,0250   PerformedProcedureStepEndDate         20110101
 0040,0251   PerformedProcedureStepEndTime         140606
 0040,0253   PerformedProcedureStepID              365004365
 0040,0254   PerformedProcedureStepDescription     dS Knee 16ch, T1W, 3D Wats, PDW, PDW SPAIR
 0040,0280   CommentsOnThePerformedProcedureStep   REMOVED
 0040,1400   RequestedProcedureComments            REMOVED
 0040,2400   ImagingServiceRequestComments         REMOVED
 1235,0042   PrivateCreator                        bazqux
 2050,0020   PresentationLUTShape                  IDENTITY
