 ID                     00000000-00000000-00000000-00000000-00000000
 Series ID              00000000-00000000-00000000-00000000-00000000
 SOPInstanceUID         1.3.46.670589.11.1.5.0.3724.2011072815265975004
 InstanceNumber         1
 InstanceCreationDate   20130326
 InstanceCreationTime   135455
 Index in series        1
 File size              376236
