 ID                                             SOPInstanceUID                                           InstanceNumber   InstanceCreationDate   InstanceCreationTime   Index in series   File size
----------------------------------------------------------------------------------------------------------------------------------------------------------------------------------------------------
 4327f23f-661e7f9e-205f6ee0-60137a47-39bc313e   1.3.46.670589.11.1.5.0.4008.2012110509044626129          1                20130326               135456                 1                 4540
 bd967f39-023c1d8e-d18bc189-86e9ed11-f0f51712   1.2.276.0.7230010.3.1.4.313262848.25.1609148632.814346   1                20130326               135456                 1                 4544
 8729e763-0f9e52b2-6c257eec-6b67bd78-d8d37f88   1.2.276.0.7230010.3.1.4.313262848.25.1609148633.814351   1                20130326               135456                 1                 4544
 b1f79217-4dfc7be9-03c84834-2bb86696-3d07e428   1.2.276.0.7230010.3.1.4.313262848.25.1609148633.814364   1                20130326               135456                 1                 4530
 7c5b456e-71950607-63bf0a45-687af315-977dd85a   1.2.276.0.7230010.3.1.4.313262848.25.1609148633.814373   1                20130326               135456                 1                 4530
