 Error     API error: 404 Not Found
 Message   Accessing an inexistent item
 Details   No modality with symbolic name: garble
