 Name             bar
 AET              BAR
 Host             1.2.3.4
 Port             1717
 Manufacturer     Generic
 Transcoding      true
 C-ECHO           true
 C-FIND           true
 C-GET            true
 C-MOVE           true
 C-STORE          true
 N-ACTION         true
 N-EVENT-REPORT   true
