 Name   Manufacturer
---------------------
 bar    Generic
 foo    Generic
