 bar   BAR   1.2.3.4   1717   Generic
 foo   FOO   4.3.2.1   42     Generic
