 Remote AET         DINO
 Instances sent     2
 Instances failed   0
