 Error     API error: 404 Not Found
 Message   Unknown resource
