 ID                  4c639328-8587a311-3605e727-ec4024ee-d408575c
 PatientID           wubalubadubdub
 PatientName         Rick Sanchez
 PatientSex          undefined
 PatientBirthDate    undefined
 Number of studies   1
