 ID                                             PatientID   PatientName   Number of Studies
--------------------------------------------------------------------------------------------
 3693b9d5-8b0e2a80-2cf45dda-d19e7c22-8749103c   patient_2   Patient 2     3
