 ID                  4c639328-8587a311-3605e727-ec4024ee-d408575c
 PatientID           75326dbd-4985-48ca-a680-cf91efc2a3f5
 PatientName         Anonymized502
 PatientSex
 PatientBirthDate
 Number of studies   1
