 ID                                             PatientName
------------------------------------------------------------
 00000000-00000000-00000000-00000000-00000000   Patient 1  
 00000000-00000000-00000000-00000000-00000000   Patient 2  
