 ID                                             PatientID   PatientName   Number of Studies
--------------------------------------------------------------------------------------------
 00000000-00000000-00000000-00000000-00000000   patient_1   Patient 1     2
 00000000-00000000-00000000-00000000-00000000   patient_2   Patient 2     1
