 ID                  00000000-00000000-00000000-00000000-00000000
 PatientID           patient_2
 PatientName         Patient 2
 PatientSex          M
 PatientBirthDate    19790101
 Number of Studies   1
