 ID                  4c639328-8587a311-3605e727-ec4024ee-d408575c
 PatientID           gazorpazorp
 PatientName         Morty Smith
 PatientSex          M
 PatientBirthDate    19790101
 Number of Studies   2
