 ab7a6e26-18072a37-5f2a2210-8a7f0823-f2fa9119   patient_2   REMOVED   1.3.46.670589.11.1.5.0.6560.2011072814060507000   Study 1   20110101   140606   2
