 ID                    2b9c7e11-36c17fd3-63ce779c-583f7345-52097fa3
 Study ID              d533f31f-48f19258-1c6dcedd-a901094a-e8e399e3
 SeriesInstanceUID     1.2.276.0.7230010.3.1.3.2752122880.24160.1605021540.265857
 SeriesNumber          42
 SeriesDescription     Series 1
 Modality              MR
 BodyPartExamined      PINKY
 Number of instances   1
