 ID                                             SeriesInstanceUID                                              SeriesDescription   Modality   BodyPartExamined   Number of instances
-------------------------------------------------------------------------------------------------------------------------------------------------------------------------------------
 00000000-00000000-00000000-00000000-00000000   1.3.46.670589.11.436918600.1211176830.3842984857.54226705      undefined           MR         ABDOMEN            3
 00000000-00000000-00000000-00000000-00000000   1.3.46.670589.11.1840602105.2174627303.1970210319.3469455756   undefined           MR         ABDOMEN            2
 00000000-00000000-00000000-00000000-00000000   1.3.46.670589.11.1.5.0.7080.2012100313431018084                Series 1            MR         BRAIN              3
 00000000-00000000-00000000-00000000-00000000   1.3.46.670589.11.1.5.0.7080.2012100313151423657                Series 2            MR         BRAIN              3
 00000000-00000000-00000000-00000000-00000000   1.3.46.670589.11.1.5.0.3724.2011072815265926000                Series 1            MR         KNEE               1
 00000000-00000000-00000000-00000000-00000000   1.3.46.670589.11.1.5.0.8444.2012110212325660000                undefined           PR         undefined          1
