 ID                                             SOPInstanceUID                                    InstanceNumber   InstanceCreationDate   InstanceCreationTime   Index in series   File size
---------------------------------------------------------------------------------------------------------------------------------------------------------------------------------------------
 c0680933-cc6b1e9d-f1bbb796-f155e4dc-3f321656   1.3.46.670589.11.1.5.0.3724.2011072815265975004   1                20130326               135455                 1                 376250
