 ID                                             Modality   BodyPartExamined
----------------------------------------------------------------------------
 00000000-00000000-00000000-00000000-00000000   MR         ABDOMEN         
 00000000-00000000-00000000-00000000-00000000   MR         ABDOMEN         
 00000000-00000000-00000000-00000000-00000000   MR         BRAIN           
 00000000-00000000-00000000-00000000-00000000   MR         BRAIN           
 00000000-00000000-00000000-00000000-00000000   MR         KNEE            
 00000000-00000000-00000000-00000000-00000000   PR         undefined       
