 ID                    00000000-00000000-00000000-00000000-00000000
 Study ID              00000000-00000000-00000000-00000000-00000000
 SeriesInstanceUID     1.3.46.670589.11.1.5.0.3724.2011072815265926000
 SeriesNumber          1202
 SeriesDescription     Series 1
 Modality              MR
 BodyPartExamined      KNEE
 Number of instances   1
