 dc0e4c94-39f97dc4-b2c25ae2-a423cb85-d363880c   1.3.46.670589.11.1.5.0.3724.2011072815265926000   Series 1   MR   KNEE   1
