 ID                    dc0e4c94-39f97dc4-b2c25ae2-a423cb85-d363880c
 Study ID              ab7a6e26-18072a37-5f2a2210-8a7f0823-f2fa9119
 SeriesInstanceUID     1.2.276.0.7230010.3.1.2.2752122880.24160.1605258891.272183
 SeriesNumber          137
 SeriesDescription     foobar-bazqux
 Modality              undefined
 BodyPartExamined      undefined
 Number of Instances   1
