 ID                    55ddfc7a-09cf8331-7f4df6df-77d2cb94-0708032e
 Study ID              b044a87e-54f29e0e-81b63d56-49d23277-a6ce8214
 SeriesInstanceUID     1.2.276.0.7230010.3.1.3.2752122880.24160.1604605581.262913
 SeriesNumber          1202
 SeriesDescription     undefined
 Modality              MR
 BodyPartExamined      KNEE
 Number of Instances   1
