 ID                                             PatientID   AccessionNumber   StudyInstanceUID                                               StudyDescription   StudyDate   StudyTime   Number of series
---------------------------------------------------------------------------------------------------------------------------------------------------------------------------------------------------------
 00000000-00000000-00000000-00000000-00000000   patient_1   REMOVED           1.3.46.670589.11.3540642177.2867929537.1763690001.2563942908   Study 2            20110101    084707      2
 00000000-00000000-00000000-00000000-00000000   patient_1   REMOVED           1.3.46.670589.11.1.5.0.7116.2012100313043060185                Study 1            20120101    130431      2
 00000000-00000000-00000000-00000000-00000000   patient_2   REMOVED           1.3.46.670589.11.1.5.0.6560.2011072814060507000                Study 1            20110101    140606      2
