 ID                 00000000-00000000-00000000-00000000-00000000
 Patient ID         00000000-00000000-00000000-00000000-00000000
 PatientID          patient_2
 StudyID            365004365
 AccessionNumber    REMOVED
 StudyInstanceUID   1.3.46.670589.11.1.5.0.6560.2011072814060507000
 StudyDescription   Study 1
 StudyDate          20110101
 StudyTime          140606
 Number of Series   2
