 ID                                             PatientID        AccessionNumber   StudyInstanceUID                                        StudyDescription   StudyDate   StudyTime   Number of Series
-------------------------------------------------------------------------------------------------------------------------------------------------------------------------------------------------------
 3464fe9f-bfe27943-60036a45-e68688a8-e045d7fe   wubalubadubdub   REMOVED           1.2.276.0.7230010.3.1.2.313262848.5.1609148371.813861   Study 1            20110101    140606      2
 ab7a6e26-18072a37-5f2a2210-8a7f0823-f2fa9119   patient_2        REMOVED           1.3.46.670589.11.1.5.0.6560.2011072814060507000         Study 1            20110101    140606      4
 fe2b677b-bb18d95e-5ca85a3f-7d7f0cfb-0f4d5f7c   wubalubadubdub   REMOVED           1.2.276.0.7230010.3.1.2.313262848.5.1609148371.813856   Study 1            20110101    140606      2
