 ID                 bc584488-d513fbbb-3a2d6e2f-90fc4d0f-a0c1ed21
 Patient ID         f3483367-b6debdc2-4bae84ca-2e7ff98d-1ff1ee63
 PatientID          221da719-0835-4234-a7e3-7b3b5a133849
 StudyID
 AccessionNumber
 StudyInstanceUID   1.2.276.0.7230010.3.1.2.2752122880.24160.1604604903.262811
 StudyDescription   undefined
 StudyDate
 StudyTime
 Number of series   2
