 ID                                             AccessionNumber   StudyDate
----------------------------------------------------------------------------
 00000000-00000000-00000000-00000000-00000000   REMOVED           20110101
 00000000-00000000-00000000-00000000-00000000   REMOVED           20120101
 00000000-00000000-00000000-00000000-00000000   REMOVED           20110101
