 ID                 ab7a6e26-18072a37-5f2a2210-8a7f0823-f2fa9119
 Patient ID         3693b9d5-8b0e2a80-2cf45dda-d19e7c22-8749103c
 PatientID          716d2601-aa4a-43fd-bb25-ae1c76458cf7
 StudyID            gazorpazorp
 AccessionNumber    C137
 StudyInstanceUID   1.2.276.0.7230010.3.1.2.2752122880.24160.1605021296.265569
 StudyDescription   undefined
 StudyDate          20110101
 StudyTime          140606
 Number of Series   2
