 ID                 ab7a6e26-18072a37-5f2a2210-8a7f0823-f2fa9119
 Patient ID         3693b9d5-8b0e2a80-2cf45dda-d19e7c22-8749103c
 PatientID          patient_2
 StudyID            365004365
 AccessionNumber    bazqux
 StudyInstanceUID   1.2.276.0.7230010.3.1.2.2752122880.24160.1605258891.272183
 StudyDescription   foobar
 StudyDate          undefined
 StudyTime          undefined
 Number of series   3
