 Error   invalid type: string "garble", expected struct Modification at line 1 column 1
