 Error   invalid type: string "garble", expected struct Anonymization at line 1 column 1
